// Jest Snapshot v1, https://goo.gl/fbAQLP

exports[`renders rating component by default 1`] = `
<View
  style={
    Object {
      "display": "flex",
      "flexDirection": "row",
    }
  }
>
  <View
    accessible={true}
    focusable={true}
    isTVSelectable={true}
    onClick={[Function]}
    onResponderGrant={[Function]}
    onResponderMove={[Function]}
    onResponderRelease={[Function]}
    onResponderTerminate={[Function]}
    onResponderTerminationRequest={[Function]}
    onStartShouldSetResponder={[Function]}
    style={
      Object {
        "opacity": 1,
      }
    }
  >
    <Text
      accessibilityElementsHidden={true}
      allowFontScaling={false}
      importantForAccessibility="no-hide-descendants"
      pointerEvents="none"
      style={
        Array [
          Object {
            "color": "gold",
            "fontSize": 36,
          },
          Array [
            Object {
              "transform": Array [
                Object {
                  "scaleX": 1,
                },
              ],
            },
            Object {
              "backgroundColor": "transparent",
            },
          ],
          Object {
            "fontFamily": "Material Design Icons",
            "fontStyle": "normal",
            "fontWeight": "normal",
          },
          Object {},
        ]
      }
    >
      
    </Text>
  </View>
  <View
    accessible={true}
    focusable={true}
    isTVSelectable={true}
    onClick={[Function]}
    onResponderGrant={[Function]}
    onResponderMove={[Function]}
    onResponderRelease={[Function]}
    onResponderTerminate={[Function]}
    onResponderTerminationRequest={[Function]}
    onStartShouldSetResponder={[Function]}
    style={
      Object {
        "opacity": 1,
      }
    }
  >
    <Text
      accessibilityElementsHidden={true}
      allowFontScaling={false}
      importantForAccessibility="no-hide-descendants"
      pointerEvents="none"
      style={
        Array [
          Object {
            "color": "gold",
            "fontSize": 36,
          },
          Array [
            Object {
              "transform": Array [
                Object {
                  "scaleX": 1,
                },
              ],
            },
            Object {
              "backgroundColor": "transparent",
            },
          ],
          Object {
            "fontFamily": "Material Design Icons",
            "fontStyle": "normal",
            "fontWeight": "normal",
          },
          Object {},
        ]
      }
    >
      
    </Text>
  </View>
  <View
    accessible={true}
    focusable={true}
    isTVSelectable={true}
    onClick={[Function]}
    onResponderGrant={[Function]}
    onResponderMove={[Function]}
    onResponderRelease={[Function]}
    onResponderTerminate={[Function]}
    onResponderTerminationRequest={[Function]}
    onStartShouldSetResponder={[Function]}
    style={
      Object {
        "opacity": 1,
      }
    }
  >
    <Text
      accessibilityElementsHidden={true}
      allowFontScaling={false}
      importantForAccessibility="no-hide-descendants"
      pointerEvents="none"
      style={
        Array [
          Object {
            "color": "gold",
            "fontSize": 36,
          },
          Array [
            Object {
              "transform": Array [
                Object {
                  "scaleX": 1,
                },
              ],
            },
            Object {
              "backgroundColor": "transparent",
            },
          ],
          Object {
            "fontFamily": "Material Design Icons",
            "fontStyle": "normal",
            "fontWeight": "normal",
          },
          Object {},
        ]
      }
    >
      
    </Text>
  </View>
  <View
    accessible={true}
    focusable={true}
    isTVSelectable={true}
    onClick={[Function]}
    onResponderGrant={[Function]}
    onResponderMove={[Function]}
    onResponderRelease={[Function]}
    onResponderTerminate={[Function]}
    onResponderTerminationRequest={[Function]}
    onStartShouldSetResponder={[Function]}
    style={
      Object {
        "opacity": 1,
      }
    }
  >
    <Text
      accessibilityElementsHidden={true}
      allowFontScaling={false}
      importantForAccessibility="no-hide-descendants"
      pointerEvents="none"
      style={
        Array [
          Object {
            "color": "gold",
            "fontSize": 36,
          },
          Array [
            Object {
              "transform": Array [
                Object {
                  "scaleX": 1,
                },
              ],
            },
            Object {
              "backgroundColor": "transparent",
            },
          ],
          Object {
            "fontFamily": "Material Design Icons",
            "fontStyle": "normal",
            "fontWeight": "normal",
          },
          Object {},
        ]
      }
    >
      
    </Text>
  </View>
  <View
    accessible={true}
    focusable={true}
    isTVSelectable={true}
    onClick={[Function]}
    onResponderGrant={[Function]}
    onResponderMove={[Function]}
    onResponderRelease={[Function]}
    onResponderTerminate={[Function]}
    onResponderTerminationRequest={[Function]}
    onStartShouldSetResponder={[Function]}
    style={
      Object {
        "opacity": 1,
      }
    }
  >
    <Text
      accessibilityElementsHidden={true}
      allowFontScaling={false}
      importantForAccessibility="no-hide-descendants"
      pointerEvents="none"
      style={
        Array [
          Object {
            "color": "gold",
            "fontSize": 36,
          },
          Array [
            Object {
              "transform": Array [
                Object {
                  "scaleX": 1,
                },
              ],
            },
            Object {
              "backgroundColor": "transparent",
            },
          ],
          Object {
            "fontFamily": "Material Design Icons",
            "fontStyle": "normal",
            "fontWeight": "normal",
          },
          Object {},
        ]
      }
    >
      
    </Text>
  </View>
</View>
`;
